┌  Building Nuxt for production...
│
●  Nuxt 4.5.2 (with Nitro 2.13.4, Vite 8.2.2 and Vue 3.5.42)
│
●  Nitro preset: node-server
ℹ Building client...
ℹ vite v8.2.2 building client environment for production...
transforming...
✓ 1204 modules transformed.
rendering chunks...
computing gzip size...
ℹ node_modules/.cache/nuxt/.nuxt/dist/client/manifest.json                        4.97 kB │ gzip:   0.65 kB
node_modules/.cache/nuxt/.nuxt/dist/client/_nuxt/error-500.DC04S-8m.css         1.90 kB │ gzip:   0.72 kB
node_modules/.cache/nuxt/.nuxt/dist/client/_nuxt/error-404.DbuDqOVf.css         2.42 kB │ gzip:   0.85 kB
node_modules/.cache/nuxt/.nuxt/dist/client/_nuxt/pages.RLImIjvF.css             3.68 kB │ gzip:   1.06 kB
node_modules/.cache/nuxt/.nuxt/dist/client/_nuxt/DocumentCenter.EnNIS9BD.css    8.65 kB │ gzip:   2.08 kB
node_modules/.cache/nuxt/.nuxt/dist/client/_nuxt/entry.FdsrGrBO.css            72.77 kB │ gzip:  16.12 kB
node_modules/.cache/nuxt/.nuxt/dist/client/_nuxt/BDNMzG2s.js                    0.08 kB │ gzip:   0.09 kB
node_modules/.cache/nuxt/.nuxt/dist/client/_nuxt/B0hQwg29.js                    3.40 kB │ gzip:   1.53 kB
node_modules/.cache/nuxt/.nuxt/dist/client/_nuxt/DCDFBSRm.js                    3.72 kB │ gzip:   1.69 kB
node_modules/.cache/nuxt/.nuxt/dist/client/_nuxt/BAWyHbl3.js                   25.84 kB │ gzip:   9.61 kB
node_modules/.cache/nuxt/.nuxt/dist/client/_nuxt/COHp0k7N.js                   74.67 kB │ gzip:  29.07 kB
node_modules/.cache/nuxt/.nuxt/dist/client/_nuxt/Ch49NWDC.js                  197.52 kB │ gzip:  74.37 kB
node_modules/.cache/nuxt/.nuxt/dist/client/_nuxt/Bl2avBAd.js                  463.55 kB │ gzip: 163.37 kB
node_modules/.cache/nuxt/.nuxt/dist/client/_nuxt/C8F1xNvM.js                  545.80 kB │ gzip: 186.19 kB

ℹ ✓ built in 2.31s

 WARN  [plugin builtin:vite-reporter]
(!) Some chunks are larger than 500 kB after minification. Consider:
- Using dynamic import() to code-split the application
- Use build.rolldownOptions.output.codeSplitting to improve chunking: https://rolldown.rs/reference/OutputOptions.codeSplitting
- Adjust chunk size limit for this warning via build.chunkSizeWarningLimit.

✔ Client built in 2332ms
ℹ Building server...
ℹ vite v8.2.2 building ssr environment for production...
transforming...
✓ 2 modules transformed.
rendering chunks...
ℹ node_modules/.cache/nuxt/.nuxt/dist/server/styles.mjs  0.06 kB
node_modules/.cache/nuxt/.nuxt/dist/server/server.mjs  0.36 kB │ map: 0.50 kB

ℹ ✓ built in 16ms
✔ Server built in 29ms
[nitro] ✔ Generated public .output/public
[nitro] ℹ Building Nuxt Nitro server (preset: node-server, compatibility date: 2026-09-07)
[nitro] ✔ Nuxt Nitro server built
  ├─ .output/server/chunks/_/backend.mjs (1.2 kB) (636 B gzip)
  ├─ .output/server/chunks/_/backend.mjs.map (1.12 kB) (325 B gzip)
  ├─ .output/server/chunks/_/error-500.mjs (5.05 kB) (2.06 kB gzip)
  ├─ .output/server/chunks/_/error-500.mjs.map (368 B) (260 B gzip)
  ├─ .output/server/chunks/nitro/nitro.mjs (171 kB) (42 kB gzip)
  ├─ .output/server/chunks/nitro/nitro.mjs.map (8.24 kB) (1.12 kB gzip)
  ├─ .output/server/chunks/routes/api/backend/_...path_.mjs (11.8 kB) (3.09 kB gzip)
  ├─ .output/server/chunks/routes/api/backend/_...path_.mjs.map (10.1 kB) (1.25 kB gzip)
  ├─ .output/server/chunks/routes/api/session.get.mjs (1.66 kB) (668 B gzip)
  ├─ .output/server/chunks/routes/api/session.get.mjs.map (1.38 kB) (360 B gzip)
  ├─ .output/server/chunks/routes/api/session.post.mjs (1.38 kB) (702 B gzip)
  ├─ .output/server/chunks/routes/api/session.post.mjs.map (998 B) (302 B gzip)
  ├─ .output/server/chunks/routes/renderer.mjs (12.3 kB) (4.28 kB gzip)
  ├─ .output/server/chunks/routes/renderer.mjs.map (2.73 kB) (471 B gzip)
  ├─ .output/server/chunks/virtual/_virtual_spa-template.mjs (94 B) (100 B gzip)
  ├─ .output/server/chunks/virtual/_virtual_spa-template.mjs.map (88 B) (97 B gzip)
  ├─ .output/server/chunks/virtual/precomputed.mjs (11.6 kB) (1.2 kB gzip)
  ├─ .output/server/chunks/virtual/precomputed.mjs.map (181 B) (150 B gzip)
  ├─ .output/server/index.mjs (353 B) (204 B gzip)
  └─ .output/server/package.json (691 B) (310 B gzip)
Σ Total size: 1.88 MB (462 kB gzip)
[nitro] ✔ You can preview this build using node .output/server/index.mjs
│
└  ✨ Build complete!
